C51 COMPILER V9.05   MAIN                                                                  06/26/2017 19:01:24 PAGE 1   


C51 COMPILER V9.05, COMPILATION OF MODULE MAIN
OBJECT MODULE PLACED IN main.OBJ
COMPILER INVOKED BY: C:\Keil_v5\C51\BIN\C51.EXE main.c BROWSE DEBUG OBJECTEXTEND TABS(2)

line level    source

   1          /*("/*********************************************
   2          ("//项 目 名:MP3芯片参考代码\n");
   3          ("//功能要求:按键操作播放MP3功能和音量设置");
   4          ("//硬件配置:C51最小系统和串口通信");
   5          ("//1) MCU型号:stc89c52\AT89c52");
   6          ("//2) 外部振荡频率为:11.0592M");
   7          ("//软件版本:UART1: ");
   8          ("//公 司 名: 深圳市百为电子科技有限公司\n");
   9          ("//作    者: lanq");
  10          ("//    硬件仿真：Pro");
  11          ("//    软件文件：Code\n");
  12          （"//   开发环境：keil4\n"）
  13          ("//技术支持：E-mail:balway@163.com\n");
  14          ("//修改记录: 
  15          ("/*********************************************
  16          */
  17          
  18          #include <reg52.h>      //C51头文件定义
  19          #define uint unsigned int
  20          #define uchar unsigned char
  21          
  22          sbit KEY1=P1^0;//播放
  23          sbit KEY2=P1^3;//停止
  24          sbit KEY3=P1^5;//音量+键
  25          sbit KEY4=P1^7;//音量减键
  26          sbit KEY5=P1^6;//上一曲键
  27          sbit KEY6=P1^2;//下一曲键
  28          
  29          uchar Check = 0;
  30          uchar Play[]={0x7E,0x03,0x01,0x02,0xEF};//播放指令
  31          uchar Call[]={0x7E,0x03,0x0E,0x0D,0xEF};//停止指令
  32          
  33          uchar Next[]={0x7E,0x03,0x03,0x00,0xEF};//下一曲指令
  34          uchar Last[]={0x7E,0x03,0x04,0x07,0xEF};//上一曲指令
  35          
  36          uchar Add[]={0x7E,0x03,0x05,0x06,0xEF};         //音量+指令 
  37          uchar Sub[]={0x7E,0x03,0x06,0x05,0xEF};         //音量减指令
  38          
  39          uchar BCCheck(uchar *nDataBuf, uchar nLen)//异或检验函数
  40          { 
  41   1        uchar nSum = 0;
  42   1        uchar i    = 0;
  43   1        for(i=0; i<nLen; i++)
  44   1        {
  45   2          nSum ^= nDataBuf[i];//异或检验函数
  46   2        }
  47   1        return nSum;
  48   1      }  
  49          void Delay(uint x)    //延时函数
  50          {
  51   1        uchar i;
  52   1        while(x--)
  53   1        {
  54   2          for(i=0;i<120;i++);
  55   2        }
C51 COMPILER V9.05   MAIN                                                                  06/26/2017 19:01:24 PAGE 2   

  56   1      }
  57          
  58          void putc_to_SerialPort(uchar c)  //串口发送单个字节数据
  59          {
  60   1        SBUF = c;
  61   1        while(TI == 0);
  62   1        TI = 0;
  63   1      }
  64          
  65          void puts_to_SerialPort(uchar *p,uchar cnt) //发送字符串或者数组
  66          {
  67   1        while(cnt>0)
  68   1        {  
  69   2          putc_to_SerialPort(*p++);     
  70   2          Delay(5);  
  71   2          cnt--;
  72   2        }
  73   1      }
  74          
  75          void main()//主函数
  76          {
  77   1        uchar c = 0;
  78   1        SCON = 0x40;//串口工作在方式1 
  79   1        TMOD = 0x20;//定时器1工作在8位自动重装载模式，用于产生波特率 
  80   1        PCON = 0x00;//波特率设置位9600（注意外部晶振需要焊接11.0592M才行）
  81   1        TH1  = 0xfd;
  82   1        TL1  = 0xfd;
  83   1        TI   = 0;   //开总中断
  84   1        TR1  = 1;   
  85   1        puts_to_SerialPort("123456789\r\n",sizeof("123456789\r\n"));  //发送字符串
  86   1        Delay(100);
  87   1        while(1)
  88   1        { 
  89   2          if(KEY1==0)//如果第一个键被按下播放
  90   2          {   
  91   3              while(!KEY1);//等待按键松开
  92   3              Play[0] = 0;
  93   3              Check = BCCheck(Play, 3);
  94   3              Play[0] = 0x7E;
  95   3              Play[3] = Check;
  96   3              puts_to_SerialPort(Play,sizeof(Play));
  97   3          }   
  98   2          else if(KEY2==0)//如果第二个按键按下停止
  99   2          {   
 100   3              while(!KEY2);//等待按键松开
 101   3              puts_to_SerialPort(Call,sizeof(Call));
 102   3          }   
 103   2          else if(KEY3==0)//如果第三个按键按下音量加
 104   2          {   
 105   3              while(!KEY3);//等待按键松开
 106   3              puts_to_SerialPort(Add,sizeof(Add));
 107   3          } 
 108   2          else if(KEY4==0)//如果第四个按键按下音量减
 109   2          {   
 110   3              while(!KEY4);//等待按键松开
 111   3              puts_to_SerialPort(Sub,sizeof(Sub));
 112   3          }     
 113   2          else if(KEY5==0)//如果第四个按键按下音量减
 114   2          {   
 115   3              while(!KEY5);//等待按键松开
 116   3              puts_to_SerialPort(Next,sizeof(Next));
 117   3          }     
C51 COMPILER V9.05   MAIN                                                                  06/26/2017 19:01:24 PAGE 3   

 118   2          else if(KEY6==0)//如果第四个按键按下音量减
 119   2          {   
 120   3              while(!KEY6);//等待按键松开
 121   3              puts_to_SerialPort(Last,sizeof(Last));
 122   3          }     
 123   2        }
 124   1      }


MODULE INFORMATION:   STATIC OVERLAYABLE
   CODE SIZE        =    264    ----
   CONSTANT SIZE    =     12    ----
   XDATA SIZE       =   ----    ----
   PDATA SIZE       =   ----    ----
   DATA SIZE        =     31       7
   IDATA SIZE       =   ----    ----
   BIT SIZE         =   ----    ----
END OF MODULE INFORMATION.


C51 COMPILATION COMPLETE.  0 WARNING(S),  0 ERROR(S)
